// Jest Snapshot v1, https://goo.gl/fbAQLP

exports[`Paragraph should match the snapshot 1`] = `
"<section class=\\"banner paragraph faded-in\\">
  <div class=\\"paragraph-header\\">
    <h2>title</h2>
    <div class=\\"lazyload-wrapper \\">
      <div style=\\"height: 60px;\\" class=\\"lazyload-placeholder\\"></div>
    </div>
  </div>
  <p>body</p>
</section>"
`;
